\BOOKMARK [0][-]{chapter.1}{\376\377\000I\000N\000T\000R\000O\000D\000U\000\307\000\303\000O}{}% 1
\BOOKMARK [1][-]{section.1.1}{\376\377\000C\000o\000n\000t\000e\000x\000t\000u\000a\000l\000i\000z\000a\000\347\000\343\000o\000\040\000e\000\040\000p\000r\000o\000b\000l\000e\000m\000a}{chapter.1}% 2
\BOOKMARK [1][-]{section.1.2}{\376\377\000O\000b\000j\000e\000t\000i\000v\000o\000s}{chapter.1}% 3
\BOOKMARK [2][-]{subsection.1.2.1}{\376\377\000O\000b\000j\000e\000t\000i\000v\000o\000\040\000g\000e\000r\000a\000l}{section.1.2}% 4
\BOOKMARK [2][-]{subsection.1.2.2}{\376\377\000O\000b\000j\000e\000t\000i\000v\000o\000s\000\040\000e\000s\000p\000e\000c\000\355\000f\000i\000c\000o\000s}{section.1.2}% 5
\BOOKMARK [1][-]{section.1.3}{\376\377\000J\000u\000s\000t\000i\000f\000i\000c\000a\000t\000i\000v\000a}{chapter.1}% 6
\BOOKMARK [1][-]{section.1.4}{\376\377\000E\000s\000t\000r\000u\000t\000u\000r\000a\000\040\000d\000o\000\040\000t\000r\000a\000b\000a\000l\000h\000o}{chapter.1}% 7
\BOOKMARK [0][-]{chapter.2}{\376\377\000R\000E\000F\000E\000R\000E\000N\000C\000I\000A\000L\000\040\000T\000E\000\323\000R\000I\000C\000O}{}% 8
\BOOKMARK [1][-]{section.2.1}{\376\377\000S\000u\000s\000t\000e\000n\000t\000a\000b\000i\000l\000i\000d\000a\000d\000e\000\040\000e\000\040\000r\000e\000g\000u\000l\000a\000m\000e\000n\000t\000a\000\347\000\343\000o\000\040\000d\000o\000s\000\040\000r\000e\000g\000i\000m\000e\000s\000\040\000p\000r\000\363\000p\000r\000i\000o\000s}{chapter.2}% 9
\BOOKMARK [1][-]{section.2.2}{\376\377\000C\000\341\000l\000c\000u\000l\000o\000\040\000a\000t\000u\000a\000r\000i\000a\000l\000\040\000e\000m\000\040\000s\000i\000s\000t\000e\000m\000a\000s\000\040\000p\000r\000e\000v\000i\000d\000e\000n\000c\000i\000\341\000r\000i\000o\000s}{chapter.2}% 10
\BOOKMARK [2][-]{subsection.2.2.1}{\376\377\000D\000e\000s\000c\000o\000n\000t\000o\000\040\000d\000e\000\040\000u\000m\000\040\000o\000u\000\040\000m\000a\000i\000s\000\040\000p\000a\000g\000a\000m\000e\000n\000t\000o\000s}{section.2.2}% 11
\BOOKMARK [2][-]{subsection.2.2.2}{\376\377\000T\000\341\000b\000u\000a\000s\000\040\000d\000e\000\040\000m\000o\000r\000t\000a\000l\000i\000d\000a\000d\000e}{section.2.2}% 12
\BOOKMARK [3][-]{subsubsection.2.2.2.1}{\376\377\000T\000e\000m\000p\000o\000\040\000r\000e\000s\000i\000d\000u\000a\000l\000\040\000d\000e\000\040\000v\000i\000d\000a\000\040\000e\000\040\000f\000u\000n\000\347\000\365\000e\000s\000\040\000b\000i\000o\000m\000\351\000t\000r\000i\000c\000a\000s\000\040\000d\000e\000c\000o\000r\000r\000e\000n\000t\000e\000s}{subsection.2.2.2}% 13
\BOOKMARK [3][-]{subsubsection.2.2.2.2}{\376\377\000C\000l\000a\000s\000s\000i\000f\000i\000c\000a\000\347\000\343\000o\000\040\000d\000a\000s\000\040\000t\000\341\000b\000u\000a\000s\000\040\000d\000e\000\040\000m\000o\000r\000t\000a\000l\000i\000d\000a\000d\000e}{subsection.2.2.2}% 14
\BOOKMARK [2][-]{subsection.2.2.3}{\376\377\000P\000r\000o\000v\000i\000s\000\365\000e\000s\000\040\000m\000a\000t\000e\000m\000\341\000t\000i\000c\000a\000s}{section.2.2}% 15
\BOOKMARK [1][-]{section.2.3}{\376\377\000F\000i\000n\000a\000n\000c\000i\000a\000m\000e\000n\000t\000o\000\040\000d\000o\000s\000\040\000r\000e\000g\000i\000m\000e\000s\000\040\000p\000r\000\363\000p\000r\000i\000o\000s}{chapter.2}% 16
\BOOKMARK [2][-]{subsection.2.3.1}{\376\377\000R\000e\000g\000i\000m\000e\000s\000\040\000f\000i\000n\000a\000n\000c\000e\000i\000r\000o\000s}{section.2.3}% 17
\BOOKMARK [2][-]{subsection.2.3.2}{\376\377\000M\000\351\000t\000o\000d\000o\000s\000\040\000d\000e\000\040\000c\000u\000s\000t\000e\000i\000o}{section.2.3}% 18
\BOOKMARK [1][-]{section.2.4}{\376\377\000R\000e\000v\000i\000s\000\343\000o\000\040\000d\000a\000\040\000l\000i\000t\000e\000r\000a\000t\000u\000r\000a}{chapter.2}% 19
\BOOKMARK [0][-]{chapter.3}{\376\377\000M\000E\000T\000O\000D\000O\000L\000O\000G\000I\000A}{}% 20
\BOOKMARK [1][-]{section.3.1}{\376\377\000T\000i\000p\000o\000s\000\040\000d\000e\000\040\000p\000e\000s\000q\000u\000i\000s\000a}{chapter.3}% 21
\BOOKMARK [1][-]{section.3.2}{\376\377\000B\000a\000s\000e\000\040\000d\000e\000\040\000d\000a\000d\000o\000s}{chapter.3}% 22
\BOOKMARK [1][-]{section.3.3}{\376\377\000P\000r\000o\000c\000e\000d\000i\000m\000e\000n\000t\000o\000s\000\040\000d\000e\000\040\000a\000n\000\341\000l\000i\000s\000e}{chapter.3}% 23
\BOOKMARK [0][-]{chapter.4}{\376\377\000R\000E\000S\000U\000L\000T\000A\000D\000O\000S\000\040\000E\000\040\000D\000I\000S\000C\000U\000S\000S\000\303\000O}{}% 24
\BOOKMARK [1][-]{section.4.1}{\376\377\000M\000a\000s\000s\000a\000s\000\040\000s\000e\000g\000u\000r\000a\000d\000a\000s}{chapter.4}% 25
\BOOKMARK [1][-]{section.4.2}{\376\377\000P\000r\000o\000v\000i\000s\000\365\000e\000s\000\040\000m\000a\000t\000e\000m\000\341\000t\000i\000c\000a\000s\000\040\000e\000\040\000i\000n\000c\000o\000n\000s\000i\000s\000t\000\352\000n\000c\000i\000a\000s}{chapter.4}% 26
\BOOKMARK [1][-]{section.4.3}{\376\377\000F\000a\000t\000o\000r\000e\000s\000\040\000e\000x\000p\000l\000i\000c\000a\000t\000i\000v\000o\000s}{chapter.4}% 27
\BOOKMARK [0][-]{chapter.5}{\376\377\000C\000O\000N\000S\000I\000D\000E\000R\000A\000\307\000\325\000E\000S\000\040\000F\000I\000N\000A\000I\000S}{}% 28
\BOOKMARK [0][-]{chapter*.42}{\376\377\000R\000E\000F\000E\000R\000\312\000N\000C\000I\000A\000S}{}% 29
\BOOKMARK [0][-]{section*.43}{\376\377\000A\000P\000\312\000N\000D\000I\000C\000E\000\040\000A\000\040\000-\000\040\000C\000O\000N\000T\000R\000A\000E\000X\000E\000M\000P\000L\000O\000S\000\040\000P\000A\000R\000A\000\040\000A\000\040\000R\000E\000L\000A\000\307\000\303\000O\000\040\000E\000N\000T\000R\000E\000\040\000E\000X\000P\000E\000C\000T\000A\000T\000I\000V\000A\000\040\000D\000E\000\040\000V\000I\000D\000A\000\040\000E\000\040\000A\000N\000U\000I\000D\000A\000D\000E\000S}{}% 30
\BOOKMARK [0][-]{section*.45}{\376\377\000A\000P\000\312\000N\000D\000I\000C\000E\000\040\000B\000\040\000-\000\040\000D\000E\000R\000I\000V\000A\000\307\000\303\000O\000\040\000D\000A\000\040\000F\000U\000N\000\307\000\303\000O\000\040\000D\000E\000\040\000S\000O\000B\000R\000E\000V\000I\000V\000\312\000N\000C\000I\000A\000\040\000E\000\040\000D\000A\000\040\000E\000X\000P\000E\000C\000T\000A\000T\000I\000V\000A\000\040\000D\000E\000\040\000V\000I\000D\000A}{}% 31
\BOOKMARK [0][-]{section*.46}{\376\377\000A\000P\000\312\000N\000D\000I\000C\000E\000\040\000C\000\040\000-\000\040\000T\000\301\000B\000U\000A\000S\000\040\000D\000E\000\040\000M\000O\000R\000T\000A\000L\000I\000D\000A\000D\000E\000\040\000E\000\040\000C\000\323\000D\000I\000G\000O\000S}{}% 32
